// Jest Snapshot v1, https://goo.gl/fbAQLP

exports[`HeadComponent should have common tags 1`] = `
<div>
  <title>
    Title
  </title>
  <meta
    content="Title"
    property="og:title"
  />
  <meta
    content="website"
    property="og:type"
  />
  <meta
    content="Property Finder"
    property="og:site_name"
  />
  <link
    href="/en/static/favicon/favicon-16x16.png"
    rel="icon"
    sizes="16x16"
    type="image/png"
  />
  <link
    href="/en/static/favicon/favicon-32x32.png"
    rel="icon"
    sizes="32x32"
    type="image/png"
  />
  <link
    href="/en/static/favicon/favicon.ico"
    rel="shortcut icon"
    sizes="16x16 32x32 48x48"
    type="image/x-icon"
  />
  <link
    href="/en/static/favicon/android-icon-192x192.png"
    rel="icon"
    sizes="192x192"
    type="image/png"
  />
  <link
    href="/en/static/favicon/apple-icon-76x76.png"
    rel="apple-touch-icon"
  />
  <link
    href="/en/static/favicon/apple-icon-76x76.png"
    rel="apple-touch-icon"
    sizes="76x76"
  />
  <link
    href="/en/static/favicon/apple-icon-120x120.png"
    rel="apple-touch-icon"
    sizes="120x120"
  />
  <link
    href="/en/static/favicon/apple-icon-152x152.png"
    rel="apple-touch-icon"
    sizes="152x152"
  />
  <link
    href="/en/static/favicon/apple-icon-180x180.png"
    rel="apple-touch-icon"
    sizes="180x180"
  />
  <meta
    content="#ffffff"
    name="msapplication-TileColor"
  />
  <meta
    content="/en/static/favicon/ms-icon-144x144.png"
    name="msapplication-TileImage"
  />
  <meta
    content="/en/static/favicon/browserconfig.xml"
    name="msapplication-config"
  />
  <meta
    content="no"
    name="msapplication-tap-highlight"
  />
  <meta
    content="#ffffff"
    name="theme-color"
  />
  <link
    color="#ef5e4e"
    href="/en/static/favicon/safari-pinned-tab.svg"
    rel="mask-icon"
  />
  <link
    href="/en/static/site.webmanifest"
    rel="manifest"
  />
  <meta
    charset="utf-8"
  />
  <meta
    content="notranslate"
    name="google"
  />
  <meta
    content="en"
    name="locale"
  />
  <meta
    content="width=device-width, initial-scale=1"
    name="viewport"
  />
  <meta
    content="index,follow"
    name="robots"
  />
  <meta
    content="Property Finder"
    name="application-name"
  />
  <meta
    content="yes"
    name="mobile-web-app-capable"
  />
  <meta
    content="yes"
    name="apple-mobile-web-app-capable"
  />
  <meta
    content="Property Finder"
    name="apple-mobile-web-app-title"
  />
  <meta
    content="default"
    name="apple-mobile-web-app-status-bar-style"
  />
  <meta
    content="telephone=no"
    name="format-detection"
  />
</div>
`;
