// Jest Snapshot v1, https://goo.gl/fbAQLP

exports[`PropertyListHeaderComponent renders without throwing any errors 1`] = `
<div>
  <div
    class="container heading"
  >
    <h1
      class="title"
    >
      Apartments for sale in UAE 
    </h1>
    <section
      class="breadcrumb"
      role="section"
    >
      <ul
        class="breadcrumb__list"
        role="list"
      >
        <li
          class="breadcrumb__item"
          role="listitem"
        >
          <a
            class="breadcrumb__link"
          >
            Apartments
            <span
              class="breadcrumb__count"
            >
              (
              4,879
              )
            </span>
          </a>
        </li>
        <li
          class="breadcrumb__item"
          role="listitem"
        >
          <a
            class="breadcrumb__link"
          >
            Land
            <span
              class="breadcrumb__count"
            >
              (
              894
              )
            </span>
          </a>
        </li>
        <li
          class="breadcrumb__item"
          role="listitem"
        >
          <a
            class="breadcrumb__link"
          >
            Duplexes
            <span
              class="breadcrumb__count"
            >
              (
              445
              )
            </span>
          </a>
        </li>
        <li
          class="breadcrumb__item"
          role="listitem"
        >
          <a
            class="breadcrumb__link"
          >
            Chalets
            <span
              class="breadcrumb__count"
            >
              (
              170
              )
            </span>
          </a>
        </li>
        <li
          class="breadcrumb__item"
          role="listitem"
        >
          <a
            class="breadcrumb__link"
          >
            Villas
            <span
              class="breadcrumb__count"
            >
              (
              160
              )
            </span>
          </a>
        </li>
        <li
          class="breadcrumb__item"
          role="listitem"
        >
          <a
            class="breadcrumb__link"
          >
            Whole Buildings
            <span
              class="breadcrumb__count"
            >
              (
              38
              )
            </span>
          </a>
        </li>
      </ul>
      <ul
        class="breadcrumb__list breadcrumb__list--more"
      />
    </section>
  </div>
</div>
`;
