// Jest Snapshot v1, https://goo.gl/fbAQLP

exports[`apiPropertyStatsDataMapper should deobfuscate the results from server 1`] = `
Array [
  Object {
    "agent": Object {
      "id": 163458,
      "isVerified": false,
      "name": "Hometown Holiday Homes",
    },
    "agentUserId": 0,
    "bathrooms": "7",
    "bedrooms": "7",
    "broker": Object {
      "id": 2199,
      "name": "Hometown Holiday Homes",
    },
    "completionStatus": null,
    "currency": "AED",
    "furnished": "YES",
    "getPriceOnApp": false,
    "has360View": true,
    "housingType": "villa",
    "housingTypeId": 35,
    "id": 7943452,
    "image": "https://www.propertyfinder.ae/property/8162fd8dfa312ca79397a956060a1561/500/356/MODE/8db99e/7943452-d7008o.jpg?ctr=ae",
    "images": 30,
    "isAreaSpecialistProperty": 0,
    "isCtsProperty": 0,
    "isExclusive": false,
    "isSmartAd": 0,
    "licenseRera": "",
    "listingStatus": "premium",
    "listingStatusDisplayed": "premium",
    "locations": Object {
      "0": 1,
      "1": 98,
      "2": 1296,
    },
    "mortgageRent": false,
    "moveSouq": false,
    "newProjects": false,
    "offeringType": "rent",
    "position": 1,
    "positionPage": 1,
    "price": 217000,
    "priceTxt": "217,000 AED/month",
    "qs": 95.75,
    "referenceNumber": "278311",
    "rentalPeriod": "Monthly",
    "rentalPeriodId": "monthly",
    "rsp": 84.68,
    "rss": 60.17,
    "size": 16000,
    "subtitle": "Villa for Rent in Umm Suqeim 1, Umm Suqeim",
    "title": "Kite Palace Lavish 7Bed villa Kite Beach",
    "url": "https://www.propertyfinder.ae/en/rent/villa-for-rent-dubai-umm-suqeim-umm-suqeim-1-7943452.html",
    "verified": "Not verified",
  },
]
`;
