// Jest Snapshot v1, https://goo.gl/fbAQLP

exports[`backendApiPropertyStatsDataSingleModelMakeMapper should map default data 1`] = `
Object {
  "agent": Object {
    "id": 156740,
    "isVerified": false,
    "name": "Mr Hamid",
  },
  "agentUserId": 28140,
  "bathrooms": "1",
  "bedrooms": "0",
  "broker": Object {
    "id": 2867,
    "name": "Moon Star Real Estate",
  },
  "completionStatus": null,
  "currency": "AED",
  "furnished": "YES",
  "getPriceOnApp": false,
  "has360View": false,
  "housingType": "apartment",
  "housingTypeId": 1,
  "id": 7750053,
  "image": "https://www.propertyfinder.ae/property/3656619107f9c0c1f5eb8ae1539b9c81/500/356/MODE/2627b3/7750053-d109eo.jpg?ctr=ae",
  "images": 10,
  "isAreaSpecialistProperty": 0,
  "isCtsProperty": 0,
  "isExclusive": false,
  "isSmartAd": 0,
  "licenseRera": "",
  "listingStatus": "standard",
  "listingStatusDisplayed": "standard",
  "locations": Array [
    6,
    299,
    1933,
  ],
  "mortgageRent": false,
  "moveSouq": false,
  "newProjects": false,
  "offeringType": "rent",
  "position": 231,
  "positionPage": 6,
  "price": 3300,
  "priceTxt": "3,300 AED/month",
  "qs": 100,
  "referenceNumber": "FURNISH 33K",
  "rentalPeriod": "Monthly",
  "rentalPeriodId": "monthly",
  "rsp": 89.69,
  "rss": 61.19,
  "size": 650,
  "subtitle": "Apartment for Rent in Khalifa City A, Khalifa City",
  "title": "Family Community Furnish Studio/3300 M W/Markert",
  "url": "https://www.propertyfinder.ae/en/rent/apartment-for-rent-abu-dhabi-khalifa-city-khalifa-city-a-7750053.html",
  "verified": "Not verified",
}
`;
