// Jest Snapshot v1, https://goo.gl/fbAQLP

exports[`EmailAgentModalComponent Marocco should render without throwing any errors 1`] = `
<div
  class="container"
  data-testid="email-agent-modal-content"
>
  <header
    class="header"
  >
    <h1
      class="title"
    >
      agent-modal/email-form-title
    </h1>
    <div
      class="closeButton"
    >
      <svg
        class="closeIcon"
        viewBox="3 3 10 10"
      >
        <path
          clip-rule="evenodd"
          d="M4.34408 3.17475C4.01717 2.92057 3.54448 2.94367 3.24408 3.24408C2.91864 3.56951 2.91864 4.09715 3.24408 4.42259L6.82149 8L3.24408 11.5774C2.91864 11.9028 2.91864 12.4305 3.24408 12.7559C3.54448 13.0563 4.01717 13.0794 4.34408 12.8252L4.42259 12.7559L8 9.17851L11.5774 12.7559L11.6559 12.8252C11.9828 13.0794 12.4555 13.0563 12.7559 12.7559C13.0814 12.4305 13.0814 11.9028 12.7559 11.5774L9.17851 8L12.7559 4.42259C13.0814 4.09715 13.0814 3.56951 12.7559 3.24408C12.4555 2.94367 11.9828 2.92057 11.6559 3.17475L11.5774 3.24408L8 6.82149L4.42259 3.24408L4.34408 3.17475Z"
          fill="currentColor"
          fill-rule="evenodd"
        />
      </svg>
    </div>
  </header>
  
  <h2
    class="name"
  >
    Title from agent
  </h2>
  <form
    class="form"
    data-testid="email-agent-form"
  >
    <div
      class="fieldContainer"
    >
      <div
        class="container"
      >
        <div
          class="content"
        >
          <input
            aria-invalid="false"
            aria-label="name"
            class="input"
            id="name"
            name="name"
            type="text"
            value=""
          />
          <div
            class="placeholder"
          >
            <label
              for="name"
            >
              name
            </label>
          </div>
        </div>
      </div>
    </div>
    <div
      class="fieldContainer"
    >
      <div
        class="container"
      >
        <div
          class="content"
        >
          <input
            aria-invalid="false"
            aria-label="email"
            class="input"
            id="email"
            name="email"
            type="email"
            value=""
          />
          <div
            class="placeholder"
          >
            <label
              for="email"
            >
              email
            </label>
          </div>
        </div>
      </div>
    </div>
    <div
      class="fieldContainer"
    >
      <div
        class="container"
      >
        <div
          class="container"
          role="button"
          tabindex="0"
        >
          <div
            class="body"
          >
            <div
              class="content"
            >
              <div
                class="countryFlag countryFlag--ma"
              />
              <span>
                +212
              </span>
            </div>
            <svg
              class="icon"
              viewBox="4.5 8 16 8"
            >
              <path
                clip-rule="evenodd"
                d="M4.64645 8.14645C4.47288 8.32001 4.4536 8.58944 4.58859 8.78431L4.64645 8.85355L11.6464 15.8536C11.82 16.0271 12.0894 16.0464 12.2843 15.9114L12.3536 15.8536L19.3536 8.85355C19.5488 8.65829 19.5488 8.34171 19.3536 8.14645C19.18 7.97288 18.9106 7.9536 18.7157 8.08859L18.6464 8.14645L12 14.793L5.35355 8.14645C5.17999 7.97288 4.91056 7.9536 4.71569 8.08859L4.64645 8.14645Z"
                fill="currentColor"
                fill-rule="evenodd"
              />
            </svg>
          </div>
          <ul
            class="list"
            role="list"
          >
            <li
              class="item"
              role="listitem"
            >
              <div
                class="countryFlag countryFlag--ma"
              />
              Maroc
               
              <span
                class="phoneCode"
              >
                (
                +212
                )
              </span>
            </li>
          </ul>
        </div>
        <div
          class="content"
        >
          <input
            aria-invalid="false"
            aria-label="phone"
            class="input"
            id="phone-number"
            maxlength="12"
            name="phone"
            placeholder="phone"
            type="text"
            value=""
          />
        </div>
      </div>
    </div>
    <div
      class="fieldContainer"
    >
      <div
        class="container container--textarea"
      >
        <div
          class="content"
        >
          <textarea
            aria-invalid="false"
            aria-label="message"
            class="input input--floating input--textarea"
            id="message"
            name="message"
            type="text"
          >
            agent-modal/default-email-message
          </textarea>
          <div
            class="placeholder placeholder--floating"
          >
            <label
              for="message"
            >
              message
            </label>
          </div>
        </div>
      </div>
    </div>
    <div
      id="recaptcha"
    />
    <div
      class="fieldContainer"
    >
      <div
        class="container"
      >
        <input
          aria-labelledby="emailAlert"
          class="input"
          id="email-alert"
          name="emailAlert"
          type="checkbox"
        />
        <label
          class="label"
          for="email-alert"
        >
          agent-modal/email-alert-message
        </label>
      </div>
    </div>
    <div
      class="fieldContainer"
    >
      <div
        class="container"
      >
        <input
          aria-labelledby="acceptTerms"
          class="input"
          id="accept-terms"
          name="acceptTerms"
          type="checkbox"
        />
        <label
          class="label"
          for="accept-terms"
        >
          agent-modal/accept-terms-message-prefix
          <a
            class="link"
            href="terms_conditions-target"
            rel="noreferrer"
            target="_blank"
          >
            agent-modal/accept-terms-message-link
          </a>
          agent-modal/accept-terms-message-suffix
        </label>
      </div>
    </div>
    <div
      class="fieldContainer"
    >
      <div
        class="container"
      >
        <input
          aria-labelledby="receiveAdvertising"
          class="input"
          id="receive-advertising"
          name="receiveAdvertising"
          type="checkbox"
        />
        <label
          class="label"
          for="receive-advertising"
        >
          agent-modal/receive-advertising-message
        </label>
      </div>
    </div>
    <button
      class="button primary regular button"
    >
      agent-modal/cta-send-message
    </button>
  </form>
</div>
`;
